[prium.github.io/elixir/v3.0.0/index.html]
[backblue.gif]
[fade.gif]
[index.html]
[prium.github.io/elixir/v3.0.0/assets/img/favicons/apple-touch-icon.png]
[prium.github.io/elixir/v3.0.0/assets/img/favicons/favicon-32x32.png]
[prium.github.io/elixir/v3.0.0/assets/img/favicons/favicon-16x16.png]
[prium.github.io/elixir/v3.0.0/assets/img/favicons/favicon.ico]
[prium.github.io/elixir/v3.0.0/assets/img/favicons/manifest.json]
[prium.github.io/elixir/v3.0.0/assets/img/favicons/mstile-150x150.png]
[prium.github.io/elixir/v3.0.0/vendors/overlayscrollbars/OverlayScrollbars.min.js]
[prium.github.io/elixir/v3.0.0/vendors/swiper/swiper-bundle.min.css]
[prium.github.io/elixir/v3.0.0/vendors/hamburgers/hamburgers.min.css]
[prium.github.io/elixir/v3.0.0/vendors/loaders.css/loaders.min.css]
[prium.github.io/elixir/v3.0.0/assets/css/theme.min.css]
[prium.github.io/elixir/v3.0.0/index-2.html]
[prium.github.io/elixir/v3.0.0/assets/img/logo-dark.png]
[prium.github.io/elixir/v3.0.0/homes/header-slider-classic.html]
[prium.github.io/elixir/v3.0.0/homes/header-static.html]
[prium.github.io/elixir/v3.0.0/homes/header-static-classic.html]
[prium.github.io/elixir/v3.0.0/homes/header-youtube-video.html]
[prium.github.io/elixir/v3.0.0/homes/header-youtube-video-classic.html]
[prium.github.io/elixir/v3.0.0/homes/header-selfhosted-video.html]
[prium.github.io/elixir/v3.0.0/homes/header-selfhosted-video-classic.html]
[prium.github.io/elixir/v3.0.0/pages/service.html]
[prium.github.io/elixir/v3.0.0/pages/about.html]
[prium.github.io/elixir/v3.0.0/pages/alumni.html]
[prium.github.io/elixir/v3.0.0/pages/blank.html]
[prium.github.io/elixir/v3.0.0/pages/404.html]
[prium.github.io/elixir/v3.0.0/pages/login.html]
[prium.github.io/elixir/v3.0.0/pages/registration.html]
[prium.github.io/elixir/v3.0.0/news/newsroom.html]
[prium.github.io/elixir/v3.0.0/news/news.html]
[prium.github.io/elixir/v3.0.0/elements/buttons.html]
[prium.github.io/elixir/v3.0.0/elements/colors.html]
[prium.github.io/elixir/v3.0.0/elements/googlemap.html]
[prium.github.io/elixir/v3.0.0/elements/grid.html]
[prium.github.io/elixir/v3.0.0/elements/icons.html]
[prium.github.io/elixir/v3.0.0/elements/layouthelpers.html]
[prium.github.io/elixir/v3.0.0/elements/modal-video.html]
[prium.github.io/elixir/v3.0.0/elements/swiper.html]
[prium.github.io/elixir/v3.0.0/elements/typography.html]
[prium.github.io/elixir/v3.0.0/contact.html]
[prium.github.io/elixir/v3.0.0/assets/img/header-6.jpg]
[prium.github.io/elixir/v3.0.0/assets/img/header-5.jpg]
[prium.github.io/elixir/v3.0.0/assets/img/header-1.jpg]
[prium.github.io/elixir/v3.0.0/assets/img/video-screenshot-2.jpg]
[prium.github.io/elixir/v3.0.0/assets/img/6.jpg]
[prium.github.io/elixir/v3.0.0/assets/img/7.jpg]
[prium.github.io/elixir/v3.0.0/assets/img/8.jpg]
[prium.github.io/elixir/v3.0.0/assets/img/why-choose-us.jpg]
[prium.github.io/elixir/v3.0.0/assets/img/icons/sharing.png]
[prium.github.io/elixir/v3.0.0/assets/img/icons/mail.png]
[prium.github.io/elixir/v3.0.0/assets/img/icons/target.png]
[prium.github.io/elixir/v3.0.0/assets/img/icons/world-globe.png]
[prium.github.io/elixir/v3.0.0/assets/img/icons/money.png]
[prium.github.io/elixir/v3.0.0/assets/img/icons/data-analytics.png]
[prium.github.io/elixir/v3.0.0/assets/img/portrait-3.jpg]
[prium.github.io/elixir/v3.0.0/assets/img/portrait-4.jpg]
[prium.github.io/elixir/v3.0.0/assets/img/portrait-5.jpg]
[prium.github.io/elixir/v3.0.0/assets/img/portrait-6.jpg]
[prium.github.io/elixir/v3.0.0/assets/img/portrait-7.jpg]
[prium.github.io/elixir/v3.0.0/assets/img/portrait-1.jpg]
[prium.github.io/elixir/v3.0.0/assets/img/background-15.jpg]
[prium.github.io/elixir/v3.0.0/assets/img/checkmark.png]
[prium.github.io/elixir/v3.0.0/assets/img/client1.png]
[prium.github.io/elixir/v3.0.0/assets/img/client2.png]
[prium.github.io/elixir/v3.0.0/assets/img/client3.png]
[prium.github.io/elixir/v3.0.0/assets/img/partner/logo2.png]
[prium.github.io/elixir/v3.0.0/assets/img/partner/logo1.png]
[prium.github.io/elixir/v3.0.0/assets/img/partner/logo6.png]
[prium.github.io/elixir/v3.0.0/assets/img/partner/logo3.png]
[prium.github.io/elixir/v3.0.0/assets/img/partner/logo5.png]
[prium.github.io/elixir/v3.0.0/assets/img/partner/logo4.png]
[prium.github.io/elixir/v3.0.0/assets/img/9.jpg]
[prium.github.io/elixir/v3.0.0/assets/img/10.jpg]
[prium.github.io/elixir/v3.0.0/assets/img/11.jpg]
[prium.github.io/elixir/v3.0.0/assets/img/logo-light.png]
[prium.github.io/elixir/v3.0.0/vendors/popper/popper.min.js]
[prium.github.io/elixir/v3.0.0/vendors/bootstrap/bootstrap.min.js]
[prium.github.io/elixir/v3.0.0/vendors/is/is.min.js]
[prium.github.io/elixir/v3.0.0/vendors/bigpicture/BigPicture.js]
[prium.github.io/elixir/v3.0.0/vendors/countup/countUp.umd.js]
[prium.github.io/elixir/v3.0.0/vendors/swiper/swiper-bundle.min.js]
[prium.github.io/elixir/v3.0.0/vendors/lodash/lodash.min.js]
[prium.github.io/elixir/v3.0.0/vendors/fontawesome/all.min.js]
[prium.github.io/elixir/v3.0.0/vendors/imagesloaded/imagesloaded.pkgd.min.js]
[prium.github.io/elixir/v3.0.0/vendors/gsap/gsap.js]
[prium.github.io/elixir/v3.0.0/vendors/gsap/customEase.js]
[prium.github.io/elixir/v3.0.0/assets/js/theme.js]
[prium.github.io/elixir/v3.0.0/index.html]
[prium.github.io/elixir/v3.0.0/vendors/swiper/swiper-bundle.min.css]
[prium.github.io/elixir/v3.0.0/vendors/hamburgers/hamburgers.min.css]
[prium.github.io/elixir/v3.0.0/vendors/loaders.css/loaders.min.css]
[prium.github.io/elixir/v3.0.0/assets/img/icon-quote.svg]
[prium.github.io/elixir/v3.0.0/assets/css/theme.min.css]
[prium.github.io/elixir/v3.0.0/assets/css/user.min.css]
[prium.github.io/elixir/v3.0.0/index-2.html]
[prium.github.io/elixir/v3.0.0/homes/header-slider-classic.html]
[prium.github.io/elixir/v3.0.0/homes/header-static.html]
[prium.github.io/elixir/v3.0.0/homes/header-static-classic.html]
[img.youtube.com/vi/hPCotoawhk0/maxresdefault.jpg]
[prium.github.io/elixir/v3.0.0/homes/header-youtube-video.html]
[prium.github.io/elixir/v3.0.0/homes/header-youtube-video-classic.html]
[prium.github.io/elixir/v3.0.0/assets/img/video-1.jpg]
[prium.github.io/elixir/v3.0.0/assets/videos/morning-routine/video.mp4]
[prium.github.io/elixir/v3.0.0/assets/videos/morning-routine/video.webm]
[prium.github.io/elixir/v3.0.0/homes/header-selfhosted-video.html]
[prium.github.io/elixir/v3.0.0/homes/header-selfhosted-video-classic.html]
[prium.github.io/elixir/v3.0.0/vendors/prism/prism.css]
[prium.github.io/elixir/v3.0.0/assets/img/background-2.jpg]
[prium.github.io/elixir/v3.0.0/pages/service.html]
[prium.github.io/elixir/v3.0.0/vendors/prism/prism.js]
[prium.github.io/elixir/v3.0.0/assets/img/ceo.jpg]
[prium.github.io/elixir/v3.0.0/assets/img/signature.png]
[prium.github.io/elixir/v3.0.0/pages/about.html]
[prium.github.io/elixir/v3.0.0/pages/alumni.html]
[prium.github.io/elixir/v3.0.0/pages/blank.html]
[prium.github.io/elixir/v3.0.0/assets/img/background-14.jpg]
[prium.github.io/elixir/v3.0.0/pages/404.html]
[prium.github.io/elixir/v3.0.0/pages/login.html]
[prium.github.io/elixir/v3.0.0/assets/img/background-1.jpg]
[prium.github.io/elixir/v3.0.0/pages/registration.html]
[prium.github.io/elixir/v3.0.0/assets/img/12.jpg]
[prium.github.io/elixir/v3.0.0/assets/img/13.jpg]
[prium.github.io/elixir/v3.0.0/assets/img/14.jpg]
[prium.github.io/elixir/v3.0.0/news/newsroom.html]
[prium.github.io/elixir/v3.0.0/assets/img/news-1.jpg]
[prium.github.io/elixir/v3.0.0/assets/img/portrait-8.jpg]
[prium.github.io/elixir/v3.0.0/assets/img/square-1.jpg]
[prium.github.io/elixir/v3.0.0/assets/img/square-2.jpg]
[prium.github.io/elixir/v3.0.0/news/news.html]
[prium.github.io/elixir/v3.0.0/assets/img/icon-play.svg]
[prium.github.io/elixir/v3.0.0/assets/img/icon-play-o.svg]
[prium.github.io/elixir/v3.0.0/elements/buttons.html]
[prium.github.io/elixir/v3.0.0/elements/colors.html]
[prium.github.io/elixir/v3.0.0/elements/googlemap.html]
[prium.github.io/elixir/v3.0.0/elements/grid.html]
[prium.github.io/elixir/v3.0.0/elements/icons.html]
[prium.github.io/elixir/v3.0.0/elements/layouthelpers.html]
[prium.github.io/elixir/v3.0.0/elements/modal-video.html]
[prium.github.io/elixir/v3.0.0/assets/img/interior-1.jpg]
[prium.github.io/elixir/v3.0.0/assets/img/interior-4.jpg]
[prium.github.io/elixir/v3.0.0/assets/img/interior-6.jpg]
[prium.github.io/elixir/v3.0.0/assets/img/gallery/06-f.jpg]
[prium.github.io/elixir/v3.0.0/assets/img/gallery/07-f.jpg]
[prium.github.io/elixir/v3.0.0/assets/img/gallery/09-f.jpg]
[prium.github.io/elixir/v3.0.0/assets/img/gallery/10-f.jpg]
[prium.github.io/elixir/v3.0.0/elements/swiper.html]
[prium.github.io/elixir/v3.0.0/elements/typography.html]
[prium.github.io/elixir/v3.0.0/contact.html]
[prium.github.io/elixir/v3.0.0/assets/img/icon-quote.svg]
[prium.github.io/elixir/v3.0.0/vendors/prism/prism.css]
[prium.github.io/elixir/v3.0.0/assets/img/icon-play.svg]
[prium.github.io/elixir/v3.0.0/assets/img/icon-play-o.svg]
